rtk : [rtk] /!\ No hook installed 鈥?run `rtk init -g` for automatic token savings
所在位置 行:1 字符: 1
+ rtk test agent 2>&1 | Out-File -FilePath test-result.txt -Encoding UT ...
+ ~~~~~~~~~~~~~~~~~~~
    + CategoryInfo          : NotSpecified: ([rtk] /!\ No ho...c token savings:String) [], RemoteException
    + FullyQualifiedErrorId : NativeCommandError
 
OUTPUT (last 5 lines):

